
> D:\INFORMATICS\FREELANCE\cervexa_new\app\src\main\java\com\generalplus\GoPlusDrone\Activity\HelpActivity.java:34: err
or: cannot find symbol
          this.layout = (LinearLayout) findViewById(com.weioa.KmedHealthIndonesia.R.id.help_layout);
                                                                                      ^
> D:\INFORMATICS\FREELANCE\cervexa_new\app\src\main\java\com\generalplus\GoPlusDrone\Activity\HelpActivity.java:35: err
or: cannot find symbol
          this.layout1 = (LinearLayout) findViewById(com.weioa.KmedHealthIndonesia.R.id.help_layout1);
                                                                                       ^
> D:\INFORMATICS\FREELANCE\cervexa_new\app\src\main\java\com\generalplus\GoPlusDrone\Activity\HelpActivity.java:36: err
or: cannot find symbol
          this.h_text1 = (TextView) findViewById(com.weioa.KmedHealthIndonesia.R.id.h_text1);
                                                                                   ^
> D:\INFORMATICS\FREELANCE\cervexa_new\app\src\main\java\com\generalplus\GoPlusDrone\Activity\HelpActivity.java:37: err
or: cannot find symbol
          this.h_text2 = (TextView) findViewById(com.weioa.KmedHealthIndonesia.R.id.h_text2);
                                                                                   ^
> D:\INFORMATICS\FREELANCE\cervexa_new\app\src\main\java\com\generalplus\GoPlusDrone\Activity\HelpActivity.java:38: err
or: cannot find symbol
          this.h_text3 = (TextView) findViewById(com.weioa.KmedHealthIndonesia.R.id.h_text3);
                                                                                   ^
> D:\INFORMATICS\FREELANCE\cervexa_new\app\src\main\java\com\generalplus\GoPlusDrone\Activity\HelpActivity.java:39: err
or: cannot find symbol
          this.h_text4 = (TextView) findViewById(com.weioa.KmedHealthIndonesia.R.id.h_text4);
                                                                                   ^
> D:\INFORMATICS\FREELANCE\cervexa_new\app\src\main\java\com\generalplus\GoPlusDrone\Activity\HelpActivity.java:40: err
or: cannot find symbol
          this.h_text5 = (TextView) findViewById(com.weioa.KmedHealthIndonesia.R.id.h_text5);
                                                                                   ^
> D:\INFORMATICS\FREELANCE\cervexa_new\app\src\main\java\com\generalplus\GoPlusDrone\Activity\HelpActivity.java:41: err
or: cannot find symbol
          this.h_text6 = (TextView) findViewById(com.weioa.KmedHealthIndonesia.R.id.h_text6);
                                                                                   ^
> D:\INFORMATICS\FREELANCE\cervexa_new\app\src\main\java\com\generalplus\GoPlusDrone\Activity\HelpActivity.java:42: err
or: cannot find symbol
          this.h_text7 = (TextView) findViewById(com.weioa.KmedHealthIndonesia.R.id.h_text7);
                                                                                   ^
> D:\INFORMATICS\FREELANCE\cervexa_new\app\src\main\java\com\generalplus\GoPlusDrone\Activity\HelpActivity.java:43: err
or: cannot find symbol
          this.h_text8 = (TextView) findViewById(com.weioa.KmedHealthIndonesia.R.id.h_text8);
                                                                                   ^
> D:\INFORMATICS\FREELANCE\cervexa_new\app\src\main\java\com\generalplus\GoPlusDrone\Activity\HelpActivity.java:44: err
or: cannot find symbol
          this.h_text9 = (TextView) findViewById(com.weioa.KmedHealthIndonesia.R.id.h_text9);
                                                                                   ^
> D:\INFORMATICS\FREELANCE\cervexa_new\app\src\main\java\com\generalplus\GoPlusDrone\Activity\HelpActivity.java:45: err
or: cannot find symbol
          this.h_text10 = (TextView) findViewById(com.weioa.KmedHealthIndonesia.R.id.h_text10);
                                                                                    ^
> D:\INFORMATICS\FREELANCE\cervexa_new\app\src\main\java\com\generalplus\GoPlusDrone\Activity\HelpActivity.java:46: err
or: cannot find symbol
          this.h_text11 = (TextView) findViewById(com.weioa.KmedHealthIndonesia.R.id.h_text11);
                                                                                    ^
> D:\INFORMATICS\FREELANCE\cervexa_new\app\src\main\java\com\generalplus\GoPlusDrone\Activity\HelpActivity.java:47: err
or: cannot find symbol
          this.h_text12 = (TextView) findViewById(com.weioa.KmedHealthIndonesia.R.id.h_text12);
                                                                                    ^
> D:\INFORMATICS\FREELANCE\cervexa_new\app\src\main\java\com\generalplus\GoPlusDrone\Activity\HelpActivity.java:48: err
or: cannot find symbol
          this.version_t = (TextView) findViewById(com.weioa.KmedHealthIndonesia.R.id.version);
                                                                                     ^
> D:\INFORMATICS\FREELANCE\cervexa_new\app\src\main\java\com\gizthon\camera\databinding\DialogShareBindingImpl.java:32:
 error: cannot find symbol
          sparseIntArray.put(R.id.tv_wchat, 1);
                                 ^
> D:\INFORMATICS\FREELANCE\cervexa_new\app\src\main\java\com\gizthon\camera\databinding\DialogShareBindingImpl.java:33:
 error: cannot find symbol
          sViewsWithIds.put(R.id.tv_qq, 2);
                                ^
> D:\INFORMATICS\FREELANCE\cervexa_new\app\src\main\java\com\gizthon\camera\databinding\DialogShareBindingImpl.java:34:
 error: cannot find symbol
          sViewsWithIds.put(R.id.tv_fecebook, 3);
                                ^
> D:\INFORMATICS\FREELANCE\cervexa_new\app\src\main\java\com\gizthon\camera\databinding\DialogShareBindingImpl.java:35:
 error: cannot find symbol
          sViewsWithIds.put(R.id.tv_twitter, 4);
                                ^
> D:\INFORMATICS\FREELANCE\cervexa_new\app\src\main\java\com\gizthon\camera\databinding\DialogShareBindingImpl.java:36:
 error: cannot find symbol
          sViewsWithIds.put(R.id.tv_youtube, 5);
                                ^
> D:\INFORMATICS\FREELANCE\cervexa_new\app\src\main\java\com\jaeger\library\StatusBarUtil.java:22: error: cannot find s
ymbol
      private static final int FAKE_STATUS_BAR_VIEW_ID = com.weioa.KmedHealthIndonesia.R.id.statusbarutil_fake_status_b
ar_view;
                                                                                           ^
> D:\INFORMATICS\FREELANCE\cervexa_new\app\src\main\java\com\jaeger\library\StatusBarUtil.java:23: error: cannot find s
ymbol
      private static final int FAKE_TRANSLUCENT_VIEW_ID = com.weioa.KmedHealthIndonesia.R.id.statusbarutil_translucent_
view;
                                                                                            ^
> D:\INFORMATICS\FREELANCE\cervexa_new\app\src\main\java\com\roughike\bottombar\BottomBar.java:97: error: cannot find s
ymbol
          this.primaryColor = MiscUtils.getColor(getContext(), com.weioa.KmedHealthIndonesia.R.attr.colorPrimary);
                                                                                                   ^
> D:\INFORMATICS\FREELANCE\cervexa_new\app\src\main\java\com\serenegiant\mediastore\MediaStoreAdapter.java:94: error: c
annot find symbol
          ViewHolder viewHolder = (ViewHolder) view.getTag(com.weioa.KmedHealthIndonesia.R.id.mediastorephotoadapter);
                                                                                             ^
> D:\INFORMATICS\FREELANCE\cervexa_new\app\src\main\java\com\serenegiant\mediastore\MediaStoreAdapter.java:99: error: c
annot find symbol
                  view.setTag(com.weioa.KmedHealthIndonesia.R.id.mediastorephotoadapter, viewHolder);
                                                                ^
> D:\INFORMATICS\FREELANCE\cervexa_new\app\src\main\java\com\serenegiant\mediastore\MediaStoreAdapter.java:101: error: 
cannot find symbol
                  View viewFindViewById = view.findViewById(com.weioa.KmedHealthIndonesia.R.id.thumbnail);
                                                                                              ^
> D:\INFORMATICS\FREELANCE\cervexa_new\app\src\main\java\com\serenegiant\mediastore\MediaStoreAdapter.java:109: error: 
cannot find symbol
                  view.setTag(com.weioa.KmedHealthIndonesia.R.id.mediastorephotoadapter, viewHolder);
                                                                ^
> D:\INFORMATICS\FREELANCE\cervexa_new\app\src\main\java\com\serenegiant\mediastore\MediaStoreImageAdapter.java:84: err
or: cannot find symbol
              ImageView imageView = (ImageView) viewInflate.findViewById(com.weioa.KmedHealthIndonesia.R.id.thumbnail);
                                                                                                           ^
> D:\INFORMATICS\FREELANCE\cervexa_new\app\src\main\java\com\serenegiant\utils\ViewAnimationHelper.java:54: error: cann
ot find symbol
                  view.setTag(com.weioa.KmedHealthIndonesia.R.id.anim_type, 1);
                                                                ^
> D:\INFORMATICS\FREELANCE\cervexa_new\app\src\main\java\com\serenegiant\utils\ViewAnimationHelper.java:55: error: cann
ot find symbol
                  view.setTag(com.weioa.KmedHealthIndonesia.R.id.anim_listener, viewAnimationListener);
                                                                ^
> D:\INFORMATICS\FREELANCE\cervexa_new\app\src\main\java\com\serenegiant\utils\ViewAnimationHelper.java:83: error: cann
ot find symbol
                  view.setTag(com.weioa.KmedHealthIndonesia.R.id.anim_type, 0);
                                                                ^
> D:\INFORMATICS\FREELANCE\cervexa_new\app\src\main\java\com\serenegiant\utils\ViewAnimationHelper.java:84: error: cann
ot find symbol
                  view.setTag(com.weioa.KmedHealthIndonesia.R.id.anim_listener, viewAnimationListener);
                                                                ^
> D:\INFORMATICS\FREELANCE\cervexa_new\app\src\main\java\com\serenegiant\utils\ViewAnimationHelper.java:113: error: can
not find symbol
                  view.setTag(com.weioa.KmedHealthIndonesia.R.id.anim_type, 2);
                                                                ^
> D:\INFORMATICS\FREELANCE\cervexa_new\app\src\main\java\com\serenegiant\utils\ViewAnimationHelper.java:114: error: can
not find symbol
                  view.setTag(com.weioa.KmedHealthIndonesia.R.id.anim_listener, viewAnimationListener);
                                                                ^
> D:\INFORMATICS\FREELANCE\cervexa_new\app\src\main\java\com\serenegiant\utils\ViewAnimationHelper.java:143: error: can
not find symbol
                  view.setTag(com.weioa.KmedHealthIndonesia.R.id.anim_type, 3);
                                                                ^
> D:\INFORMATICS\FREELANCE\cervexa_new\app\src\main\java\com\serenegiant\utils\ViewAnimationHelper.java:144: error: can
not find symbol
                  view.setTag(com.weioa.KmedHealthIndonesia.R.id.anim_listener, viewAnimationListener);
                                                                ^
> D:\INFORMATICS\FREELANCE\cervexa_new\app\src\main\java\com\serenegiant\utils\ViewAnimationHelper.java:173: error: can
not find symbol
              final ViewAnimationListener viewAnimationListener = (ViewAnimationListener) view.getTag(com.weioa.KmedHea
lthIndonesia.R.id.anim_listener);
                                                                                                                       
                 ^
> D:\INFORMATICS\FREELANCE\cervexa_new\app\src\main\java\com\serenegiant\utils\ViewAnimationHelper.java:175: error: can
not find symbol
                  final int iIntValue = ((Integer) view.getTag(com.weioa.KmedHealthIndonesia.R.id.anim_type)).intValue(
);
                                                                                                 ^
> D:\INFORMATICS\FREELANCE\cervexa_new\app\src\main\java\com\serenegiant\widget\DialogPreferenceV7.java:182: error: can
not find symbol
          View viewFindViewById = view.findViewById(com.weioa.KmedHealthIndonesia.R.id.message);
                                                                                      ^
> D:\INFORMATICS\FREELANCE\cervexa_new\app\src\main\java\com\serenegiant\widget\CustomRecycleViewAdapter.java:42: error
: cannot find symbol
                      Integer num = (Integer) view.getTag(com.weioa.KmedHealthIndonesia.R.id.position);
                                                                                            ^
>   D:\INFORMATICS\FREELANCE\cervexa_new\app\src\main\java\com\generalplus\GoPlusDrone\Activity\HelpActivity.java:34: e
rror: cannot find symbol
            this.layout = (LinearLayout) findViewById(com.weioa.KmedHealthIndonesia.R.id.help_layout);
                                                                                        ^
>   D:\INFORMATICS\FREELANCE\cervexa_new\app\src\main\java\com\generalplus\GoPlusDrone\Activity\HelpActivity.java:35: e
rror: cannot find symbol
            this.layout1 = (LinearLayout) findViewById(com.weioa.KmedHealthIndonesia.R.id.help_layout1);
                                                                                         ^
>   D:\INFORMATICS\FREELANCE\cervexa_new\app\src\main\java\com\generalplus\GoPlusDrone\Activity\HelpActivity.java:36: e
rror: cannot find symbol
            this.h_text1 = (TextView) findViewById(com.weioa.KmedHealthIndonesia.R.id.h_text1);
                                                                                     ^
>   D:\INFORMATICS\FREELANCE\cervexa_new\app\src\main\java\com\generalplus\GoPlusDrone\Activity\HelpActivity.java:37: e
rror: cannot find symbol
            this.h_text2 = (TextView) findViewById(com.weioa.KmedHealthIndonesia.R.id.h_text2);
                                                                                     ^
>   D:\INFORMATICS\FREELANCE\cervexa_new\app\src\main\java\com\generalplus\GoPlusDrone\Activity\HelpActivity.java:38: e
rror: cannot find symbol
            this.h_text3 = (TextView) findViewById(com.weioa.KmedHealthIndonesia.R.id.h_text3);
                                                                                     ^
>   D:\INFORMATICS\FREELANCE\cervexa_new\app\src\main\java\com\generalplus\GoPlusDrone\Activity\HelpActivity.java:39: e
rror: cannot find symbol
            this.h_text4 = (TextView) findViewById(com.weioa.KmedHealthIndonesia.R.id.h_text4);
                                                                                     ^
>   D:\INFORMATICS\FREELANCE\cervexa_new\app\src\main\java\com\generalplus\GoPlusDrone\Activity\HelpActivity.java:40: e
rror: cannot find symbol
            this.h_text5 = (TextView) findViewById(com.weioa.KmedHealthIndonesia.R.id.h_text5);
                                                                                     ^
>   D:\INFORMATICS\FREELANCE\cervexa_new\app\src\main\java\com\generalplus\GoPlusDrone\Activity\HelpActivity.java:41: e
rror: cannot find symbol
            this.h_text6 = (TextView) findViewById(com.weioa.KmedHealthIndonesia.R.id.h_text6);
                                                                                     ^
>   D:\INFORMATICS\FREELANCE\cervexa_new\app\src\main\java\com\generalplus\GoPlusDrone\Activity\HelpActivity.java:42: e
rror: cannot find symbol
            this.h_text7 = (TextView) findViewById(com.weioa.KmedHealthIndonesia.R.id.h_text7);
                                                                                     ^
>   D:\INFORMATICS\FREELANCE\cervexa_new\app\src\main\java\com\generalplus\GoPlusDrone\Activity\HelpActivity.java:43: e
rror: cannot find symbol
            this.h_text8 = (TextView) findViewById(com.weioa.KmedHealthIndonesia.R.id.h_text8);
                                                                                     ^
>   D:\INFORMATICS\FREELANCE\cervexa_new\app\src\main\java\com\generalplus\GoPlusDrone\Activity\HelpActivity.java:44: e
rror: cannot find symbol
            this.h_text9 = (TextView) findViewById(com.weioa.KmedHealthIndonesia.R.id.h_text9);
                                                                                     ^
>   D:\INFORMATICS\FREELANCE\cervexa_new\app\src\main\java\com\generalplus\GoPlusDrone\Activity\HelpActivity.java:45: e
rror: cannot find symbol
            this.h_text10 = (TextView) findViewById(com.weioa.KmedHealthIndonesia.R.id.h_text10);
                                                                                      ^
>   D:\INFORMATICS\FREELANCE\cervexa_new\app\src\main\java\com\generalplus\GoPlusDrone\Activity\HelpActivity.java:46: e
rror: cannot find symbol
            this.h_text11 = (TextView) findViewById(com.weioa.KmedHealthIndonesia.R.id.h_text11);
                                                                                      ^
>   D:\INFORMATICS\FREELANCE\cervexa_new\app\src\main\java\com\generalplus\GoPlusDrone\Activity\HelpActivity.java:47: e
rror: cannot find symbol
            this.h_text12 = (TextView) findViewById(com.weioa.KmedHealthIndonesia.R.id.h_text12);
                                                                                      ^
>   D:\INFORMATICS\FREELANCE\cervexa_new\app\src\main\java\com\generalplus\GoPlusDrone\Activity\HelpActivity.java:48: e
rror: cannot find symbol
            this.version_t = (TextView) findViewById(com.weioa.KmedHealthIndonesia.R.id.version);
                                                                                       ^
>   D:\INFORMATICS\FREELANCE\cervexa_new\app\src\main\java\com\gizthon\camera\databinding\DialogShareBindingImpl.java:3
2: error: cannot find symbol
            sparseIntArray.put(R.id.tv_wchat, 1);
                                   ^
>   D:\INFORMATICS\FREELANCE\cervexa_new\app\src\main\java\com\gizthon\camera\databinding\DialogShareBindingImpl.java:3
3: error: cannot find symbol
            sViewsWithIds.put(R.id.tv_qq, 2);
                                  ^
>   D:\INFORMATICS\FREELANCE\cervexa_new\app\src\main\java\com\gizthon\camera\databinding\DialogShareBindingImpl.java:3
4: error: cannot find symbol
            sViewsWithIds.put(R.id.tv_fecebook, 3);
                                  ^
>   D:\INFORMATICS\FREELANCE\cervexa_new\app\src\main\java\com\gizthon\camera\databinding\DialogShareBindingImpl.java:3
5: error: cannot find symbol
            sViewsWithIds.put(R.id.tv_twitter, 4);
                                  ^
>   D:\INFORMATICS\FREELANCE\cervexa_new\app\src\main\java\com\gizthon\camera\databinding\DialogShareBindingImpl.java:3
6: error: cannot find symbol
            sViewsWithIds.put(R.id.tv_youtube, 5);
                                  ^
>   D:\INFORMATICS\FREELANCE\cervexa_new\app\src\main\java\com\jaeger\library\StatusBarUtil.java:22: error: cannot find
 symbol
        private static final int FAKE_STATUS_BAR_VIEW_ID = com.weioa.KmedHealthIndonesia.R.id.statusbarutil_fake_status
_bar_view;
                                                                                             ^
>   D:\INFORMATICS\FREELANCE\cervexa_new\app\src\main\java\com\jaeger\library\StatusBarUtil.java:23: error: cannot find
 symbol
        private static final int FAKE_TRANSLUCENT_VIEW_ID = com.weioa.KmedHealthIndonesia.R.id.statusbarutil_translucen
t_view;
                                                                                              ^
>   D:\INFORMATICS\FREELANCE\cervexa_new\app\src\main\java\com\roughike\bottombar\BottomBar.java:97: error: cannot find
 symbol
            this.primaryColor = MiscUtils.getColor(getContext(), com.weioa.KmedHealthIndonesia.R.attr.colorPrimary);
                                                                                                     ^
>   D:\INFORMATICS\FREELANCE\cervexa_new\app\src\main\java\com\serenegiant\mediastore\MediaStoreAdapter.java:94: error:
 cannot find symbol
            ViewHolder viewHolder = (ViewHolder) view.getTag(com.weioa.KmedHealthIndonesia.R.id.mediastorephotoadapter)
;
                                                                                               ^
>   D:\INFORMATICS\FREELANCE\cervexa_new\app\src\main\java\com\serenegiant\mediastore\MediaStoreAdapter.java:99: error:
 cannot find symbol
                    view.setTag(com.weioa.KmedHealthIndonesia.R.id.mediastorephotoadapter, viewHolder);
                                                                  ^
>   D:\INFORMATICS\FREELANCE\cervexa_new\app\src\main\java\com\serenegiant\mediastore\MediaStoreAdapter.java:101: error
: cannot find symbol
                    View viewFindViewById = view.findViewById(com.weioa.KmedHealthIndonesia.R.id.thumbnail);
                                                                                                ^
>   D:\INFORMATICS\FREELANCE\cervexa_new\app\src\main\java\com\serenegiant\mediastore\MediaStoreAdapter.java:109: error
: cannot find symbol
                    view.setTag(com.weioa.KmedHealthIndonesia.R.id.mediastorephotoadapter, viewHolder);
                                                                  ^
>   D:\INFORMATICS\FREELANCE\cervexa_new\app\src\main\java\com\serenegiant\mediastore\MediaStoreImageAdapter.java:84: e
rror: cannot find symbol
                ImageView imageView = (ImageView) viewInflate.findViewById(com.weioa.KmedHealthIndonesia.R.id.thumbnail
);
                                                                                                             ^
>   D:\INFORMATICS\FREELANCE\cervexa_new\app\src\main\java\com\serenegiant\utils\ViewAnimationHelper.java:54: error: ca
nnot find symbol
                    view.setTag(com.weioa.KmedHealthIndonesia.R.id.anim_type, 1);
                                                                  ^
>   D:\INFORMATICS\FREELANCE\cervexa_new\app\src\main\java\com\serenegiant\utils\ViewAnimationHelper.java:55: error: ca
nnot find symbol
                    view.setTag(com.weioa.KmedHealthIndonesia.R.id.anim_listener, viewAnimationListener);
                                                                  ^
>   D:\INFORMATICS\FREELANCE\cervexa_new\app\src\main\java\com\serenegiant\utils\ViewAnimationHelper.java:83: error: ca
nnot find symbol
                    view.setTag(com.weioa.KmedHealthIndonesia.R.id.anim_type, 0);
                                                                  ^
>   D:\INFORMATICS\FREELANCE\cervexa_new\app\src\main\java\com\serenegiant\utils\ViewAnimationHelper.java:84: error: ca
nnot find symbol
                    view.setTag(com.weioa.KmedHealthIndonesia.R.id.anim_listener, viewAnimationListener);
                                                                  ^
>   D:\INFORMATICS\FREELANCE\cervexa_new\app\src\main\java\com\serenegiant\utils\ViewAnimationHelper.java:113: error: c
annot find symbol
                    view.setTag(com.weioa.KmedHealthIndonesia.R.id.anim_type, 2);
                                                                  ^
>   D:\INFORMATICS\FREELANCE\cervexa_new\app\src\main\java\com\serenegiant\utils\ViewAnimationHelper.java:114: error: c
annot find symbol
                    view.setTag(com.weioa.KmedHealthIndonesia.R.id.anim_listener, viewAnimationListener);
                                                                  ^
>   D:\INFORMATICS\FREELANCE\cervexa_new\app\src\main\java\com\serenegiant\utils\ViewAnimationHelper.java:143: error: c
annot find symbol
                    view.setTag(com.weioa.KmedHealthIndonesia.R.id.anim_type, 3);
                                                                  ^
>   D:\INFORMATICS\FREELANCE\cervexa_new\app\src\main\java\com\serenegiant\utils\ViewAnimationHelper.java:144: error: c
annot find symbol
                    view.setTag(com.weioa.KmedHealthIndonesia.R.id.anim_listener, viewAnimationListener);
                                                                  ^
>   D:\INFORMATICS\FREELANCE\cervexa_new\app\src\main\java\com\serenegiant\utils\ViewAnimationHelper.java:173: error: c
annot find symbol
                final ViewAnimationListener viewAnimationListener = (ViewAnimationListener) view.getTag(com.weioa.KmedH
ealthIndonesia.R.id.anim_listener);
                                                                                                                       
                   ^
>   D:\INFORMATICS\FREELANCE\cervexa_new\app\src\main\java\com\serenegiant\utils\ViewAnimationHelper.java:175: error: c
annot find symbol
                    final int iIntValue = ((Integer) view.getTag(com.weioa.KmedHealthIndonesia.R.id.anim_type)).intValu
e();
                                                                                                   ^
>   D:\INFORMATICS\FREELANCE\cervexa_new\app\src\main\java\com\serenegiant\widget\DialogPreferenceV7.java:182: error: c
annot find symbol
            View viewFindViewById = view.findViewById(com.weioa.KmedHealthIndonesia.R.id.message);
                                                                                        ^
>   D:\INFORMATICS\FREELANCE\cervexa_new\app\src\main\java\com\serenegiant\widget\CustomRecycleViewAdapter.java:42: err
or: cannot find symbol
                        Integer num = (Integer) view.getTag(com.weioa.KmedHealthIndonesia.R.id.position);
                                                                                              ^


